// Jest Snapshot v1, https://goo.gl/fbAQLP

exports[`Test <Home /> component (Shallow) render unchanged from previous snapshot 1`] = `
<Home>
  <Container
    style={
      Object {
        "marginTop": 60,
        "width": "100%",
      }
    }
  >
    <div
      className="ui container"
      style={
        Object {
          "marginTop": 60,
          "width": "100%",
        }
      }
    >
      <Image
        as="img"
        bordered={true}
        style={
          Object {
            "alignItems": "center",
            "backgroundImage": "url(images/waitangi.jpg)",
            "backgroundSize": "cover",
            "display": "flex",
            "flexWrap": "wrap",
            "height": 720,
            "justifyContent": "center",
            "margin": 0,
            "opacity": 0.5,
            "padding": 0,
            "poistion": "absolute",
            "width": "100%",
          }
        }
        ui={true}
      >
        <div
          className="ui bordered image"
          style={
            Object {
              "alignItems": "center",
              "backgroundImage": "url(images/waitangi.jpg)",
              "backgroundSize": "cover",
              "display": "flex",
              "flexWrap": "wrap",
              "height": 720,
              "justifyContent": "center",
              "margin": 0,
              "opacity": 0.5,
              "padding": 0,
              "poistion": "absolute",
              "width": "100%",
            }
          }
        >
          <div>
            <Header
              style={
                Object {
                  "color": "#ffffff",
                  "fontSize": "30px",
                  "textShadow": "1px 1px #000000",
                }
              }
              textAlign="center"
            >
              <div
                className="ui center aligned header"
                style={
                  Object {
                    "color": "#ffffff",
                    "fontSize": "30px",
                    "textShadow": "1px 1px #000000",
                  }
                }
              >
                <HeaderContent>
                  <div
                    className="content"
                  >
                    Nou te rourou 
                    <br />
                    Naku te rourou 
                    <br />
                    kia ora ai te iwi
                  </div>
                </HeaderContent>
              </div>
            </Header>
            <Divider
              inverted={true}
            >
              <div
                className="ui inverted divider"
              />
            </Divider>
            <Header
              style={
                Object {
                  "color": "#ffffff",
                  "fontSize": "30px",
                  "textShadow": "1px 1px #000000",
                }
              }
              textAlign="center"
            >
              <div
                className="ui center aligned header"
                style={
                  Object {
                    "color": "#ffffff",
                    "fontSize": "30px",
                    "textShadow": "1px 1px #000000",
                  }
                }
              >
                <HeaderContent>
                  <div
                    className="content"
                  >
                    With your food basket  
                    <br />
                    and my food basket 
                    <br />
                    the people will thrive
                  </div>
                </HeaderContent>
              </div>
            </Header>
          </div>
        </div>
      </Image>
    </div>
  </Container>
  <Divider
    inverted={true}
  >
    <div
      className="ui inverted divider"
    />
  </Divider>
  <Header
    size="huge"
    style={
      Object {
        "alignItems": "center",
        "display": "flex",
        "flexWrap": "wrap",
        "justifyContent": "center",
      }
    }
  >
    <div
      className="ui huge header"
      style={
        Object {
          "alignItems": "center",
          "display": "flex",
          "flexWrap": "wrap",
          "justifyContent": "center",
        }
      }
    >
       Getting Started 
    </div>
  </Header>
  <Divider
    inverted={true}
  >
    <div
      className="ui inverted divider"
    />
  </Divider>
  <Grid
    colums="equal"
    style={
      Object {
        "alignItems": "center",
        "display": "flex",
        "flexWrap": "wrap",
        "justifyContent": "center",
      }
    }
  >
    <div
      className="ui grid"
      colums="equal"
      style={
        Object {
          "alignItems": "center",
          "display": "flex",
          "flexWrap": "wrap",
          "justifyContent": "center",
        }
      }
    >
      <GridColumn
        computer={4}
        mobile={12}
        tablet={8}
      >
        <div
          className="four wide computer twelve wide mobile eight wide tablet column"
        >
          <Header
            as="h3"
            attached="top"
            size="huge"
            style={
              Object {
                "backgroundColor": "#123b26",
                "color": "white",
              }
            }
            textAlign="center"
          >
            <h3
              className="ui huge top attached center aligned header"
              style={
                Object {
                  "backgroundColor": "#123b26",
                  "color": "white",
                }
              }
            >
              Mahi
            </h3>
          </Header>
          <Container>
            <div
              className="ui container"
            >
              <Image
                as="img"
                style={
                  Object {
                    "alignItems": "center",
                    "backgroundImage": "url(images/placeholder.jpg)",
                    "backgroundRepeat": "no-repeat",
                    "backgroundSize": "cover",
                    "display": "flex",
                    "flexWrap": "wrap",
                    "height": "250px",
                    "justifyContent": "center",
                    "opacity": 0.5,
                    "width": "100%",
                  }
                }
                ui={true}
              >
                <div
                  className="ui image"
                  style={
                    Object {
                      "alignItems": "center",
                      "backgroundImage": "url(images/placeholder.jpg)",
                      "backgroundRepeat": "no-repeat",
                      "backgroundSize": "cover",
                      "display": "flex",
                      "flexWrap": "wrap",
                      "height": "250px",
                      "justifyContent": "center",
                      "opacity": 0.5,
                      "width": "100%",
                    }
                  }
                >
                  <div>
                    <Header
                      style={
                        Object {
                          "color": "#ffffff",
                          "fontSize": "30px",
                          "textShadow": "1px 1px #000000",
                        }
                      }
                      textAlign="center"
                    >
                      <div
                        className="ui center aligned header"
                        style={
                          Object {
                            "color": "#ffffff",
                            "fontSize": "30px",
                            "textShadow": "1px 1px #000000",
                          }
                        }
                      >
                        <HeaderContent>
                          <div
                            className="content"
                          >
                            taking and offering mahi
                          </div>
                        </HeaderContent>
                      </div>
                    </Header>
                  </div>
                </div>
              </Image>
            </div>
          </Container>
          <Segment
            size="huge"
            textAlign="center"
          >
            <div
              className="ui huge center aligned segment"
            >
              <p>
                In literal sense mahi is the act of working or doing, Wa uses Mahi as a concept of offering a task. we need 5 lines here bruh.  we need 5 lines here bruh.  we need 5 lines here bruh.
              </p>
            </div>
          </Segment>
        </div>
      </GridColumn>
      <GridColumn
        computer={4}
        mobile={12}
        tablet={8}
      >
        <div
          className="four wide computer twelve wide mobile eight wide tablet column"
        >
          <Header
            as="h3"
            attached="top"
            size="huge"
            style={
              Object {
                "backgroundColor": "#123b26",
                "color": "white",
              }
            }
            textAlign="center"
          >
            <h3
              className="ui huge top attached center aligned header"
              style={
                Object {
                  "backgroundColor": "#123b26",
                  "color": "white",
                }
              }
            >
              Community
            </h3>
          </Header>
          <Container>
            <div
              className="ui container"
            >
              <Image
                as="img"
                style={
                  Object {
                    "alignItems": "center",
                    "backgroundImage": "url(images/hands.jpg)",
                    "backgroundRepeat": "no-repeat",
                    "backgroundSize": "cover",
                    "display": "flex",
                    "flexWrap": "wrap",
                    "height": "250px",
                    "justifyContent": "center",
                    "opacity": 0.5,
                    "width": "100%",
                  }
                }
                ui={true}
              >
                <div
                  className="ui image"
                  style={
                    Object {
                      "alignItems": "center",
                      "backgroundImage": "url(images/hands.jpg)",
                      "backgroundRepeat": "no-repeat",
                      "backgroundSize": "cover",
                      "display": "flex",
                      "flexWrap": "wrap",
                      "height": "250px",
                      "justifyContent": "center",
                      "opacity": 0.5,
                      "width": "100%",
                    }
                  }
                >
                  <div>
                    <Header
                      style={
                        Object {
                          "color": "#ffffff",
                          "fontSize": "30px",
                          "textShadow": "1px 1px #000000",
                        }
                      }
                      textAlign="center"
                    >
                      <div
                        className="ui center aligned header"
                        style={
                          Object {
                            "color": "#ffffff",
                            "fontSize": "30px",
                            "textShadow": "1px 1px #000000",
                          }
                        }
                      >
                        <HeaderContent>
                          <div
                            className="content"
                          >
                            empowering communities
                          </div>
                        </HeaderContent>
                      </div>
                    </Header>
                  </div>
                </div>
              </Image>
            </div>
          </Container>
          <Segment
            size="huge"
            textAlign="center"
          >
            <div
              className="ui huge center aligned segment"
            >
              <p>
                communtiy based platform that aims to build a strong connection with those around you, become more aware of the skills you have and what others have to offer
              </p>
            </div>
          </Segment>
        </div>
      </GridColumn>
      <GridColumn
        computer={4}
        mobile={12}
        tablet={8}
      >
        <div
          className="four wide computer twelve wide mobile eight wide tablet column"
        >
          <Header
            as="h3"
            attached="top"
            size="huge"
            style={
              Object {
                "backgroundColor": "#123b26",
                "color": "white",
              }
            }
            textAlign="center"
          >
            <h3
              className="ui huge top attached center aligned header"
              style={
                Object {
                  "backgroundColor": "#123b26",
                  "color": "white",
                }
              }
            >
              Exchange
            </h3>
          </Header>
          <Container>
            <div
              className="ui container"
            >
              <Image
                as="img"
                style={
                  Object {
                    "alignItems": "center",
                    "backgroundImage": "url(images/tomatoes.jpg)",
                    "backgroundRepeat": "no-repeat",
                    "backgroundSize": "cover",
                    "display": "flex",
                    "flexWrap": "wrap",
                    "height": "250px",
                    "justifyContent": "center",
                    "opacity": 0.5,
                    "width": "100%",
                  }
                }
                ui={true}
              >
                <div
                  className="ui image"
                  style={
                    Object {
                      "alignItems": "center",
                      "backgroundImage": "url(images/tomatoes.jpg)",
                      "backgroundRepeat": "no-repeat",
                      "backgroundSize": "cover",
                      "display": "flex",
                      "flexWrap": "wrap",
                      "height": "250px",
                      "justifyContent": "center",
                      "opacity": 0.5,
                      "width": "100%",
                    }
                  }
                >
                  <div>
                    <Header
                      style={
                        Object {
                          "color": "#ffffff",
                          "fontSize": "30px",
                          "textShadow": "1px 1px #000000",
                        }
                      }
                      textAlign="center"
                    >
                      <div
                        className="ui center aligned header"
                        style={
                          Object {
                            "color": "#ffffff",
                            "fontSize": "30px",
                            "textShadow": "1px 1px #000000",
                          }
                        }
                      >
                        <HeaderContent>
                          <div
                            className="content"
                          >
                            Using Wa/Time as a currency
                          </div>
                        </HeaderContent>
                      </div>
                    </Header>
                  </div>
                </div>
              </Image>
            </div>
          </Container>
          <Segment
            size="huge"
            textAlign="center"
          >
            <div
              className="ui huge center aligned segment"
            >
              <p>
                using your time to do the things that really matter time to do what you want to and doing the things that you cant do Once mahi has been completed you exchange Wa/time with
              </p>
            </div>
          </Segment>
        </div>
      </GridColumn>
    </div>
  </Grid>
</Home>
`;
